------------------------------------------------------------
Timing Analyzer Summary
------------------------------------------------------------

Type  : Slow 1100mV 85C Model Setup 'u_color|vgaclock|clk|video_pll_0|video_pll|altera_pll_i|general[1].gpll~PLL_OUTPUT_COUNTER|divclk'
Slack : -11.036
TNS   : -2823.135

Type  : Slow 1100mV 85C Model Setup 'clk'
Slack : -3.430
TNS   : -184.698

Type  : Slow 1100mV 85C Model Hold 'clk'
Slack : 0.352
TNS   : 0.000

Type  : Slow 1100mV 85C Model Hold 'u_color|vgaclock|clk|video_pll_0|video_pll|altera_pll_i|general[1].gpll~PLL_OUTPUT_COUNTER|divclk'
Slack : 0.383
TNS   : 0.000

Type  : Slow 1100mV 85C Model Minimum Pulse Width 'clk'
Slack : -0.519
TNS   : -75.170

Type  : Slow 1100mV 85C Model Minimum Pulse Width 'u_color|vgaclock|clk|video_pll_0|video_pll|altera_pll_i|general[0].gpll~FRACTIONAL_PLL|vcoph[0]'
Slack : 1.500
TNS   : 0.000

Type  : Slow 1100mV 85C Model Minimum Pulse Width 'u_color|vgaclock|clk|video_pll_0|video_pll|altera_pll_i|general[1].gpll~PLL_OUTPUT_COUNTER|divclk'
Slack : 4.779
TNS   : 0.000

Type  : Slow 1100mV 85C Model Minimum Pulse Width 'vga_clock_in'
Slack : 9.670
TNS   : 0.000

Type  : Slow 1100mV 0C Model Setup 'u_color|vgaclock|clk|video_pll_0|video_pll|altera_pll_i|general[1].gpll~PLL_OUTPUT_COUNTER|divclk'
Slack : -11.038
TNS   : -2774.912

Type  : Slow 1100mV 0C Model Setup 'clk'
Slack : -3.437
TNS   : -179.989

Type  : Slow 1100mV 0C Model Hold 'clk'
Slack : 0.350
TNS   : 0.000

Type  : Slow 1100mV 0C Model Hold 'u_color|vgaclock|clk|video_pll_0|video_pll|altera_pll_i|general[1].gpll~PLL_OUTPUT_COUNTER|divclk'
Slack : 0.373
TNS   : 0.000

Type  : Slow 1100mV 0C Model Minimum Pulse Width 'clk'
Slack : -0.485
TNS   : -72.846

Type  : Slow 1100mV 0C Model Minimum Pulse Width 'u_color|vgaclock|clk|video_pll_0|video_pll|altera_pll_i|general[0].gpll~FRACTIONAL_PLL|vcoph[0]'
Slack : 1.500
TNS   : 0.000

Type  : Slow 1100mV 0C Model Minimum Pulse Width 'u_color|vgaclock|clk|video_pll_0|video_pll|altera_pll_i|general[1].gpll~PLL_OUTPUT_COUNTER|divclk'
Slack : 4.765
TNS   : 0.000

Type  : Slow 1100mV 0C Model Minimum Pulse Width 'vga_clock_in'
Slack : 9.673
TNS   : 0.000

Type  : Fast 1100mV 85C Model Setup 'u_color|vgaclock|clk|video_pll_0|video_pll|altera_pll_i|general[1].gpll~PLL_OUTPUT_COUNTER|divclk'
Slack : -5.510
TNS   : -1373.569

Type  : Fast 1100mV 85C Model Setup 'clk'
Slack : -1.566
TNS   : -75.099

Type  : Fast 1100mV 85C Model Hold 'u_color|vgaclock|clk|video_pll_0|video_pll|altera_pll_i|general[1].gpll~PLL_OUTPUT_COUNTER|divclk'
Slack : 0.185
TNS   : 0.000

Type  : Fast 1100mV 85C Model Hold 'clk'
Slack : 0.192
TNS   : 0.000

Type  : Fast 1100mV 85C Model Minimum Pulse Width 'clk'
Slack : -0.627
TNS   : -75.584

Type  : Fast 1100mV 85C Model Minimum Pulse Width 'u_color|vgaclock|clk|video_pll_0|video_pll|altera_pll_i|general[0].gpll~FRACTIONAL_PLL|vcoph[0]'
Slack : 1.500
TNS   : 0.000

Type  : Fast 1100mV 85C Model Minimum Pulse Width 'u_color|vgaclock|clk|video_pll_0|video_pll|altera_pll_i|general[1].gpll~PLL_OUTPUT_COUNTER|divclk'
Slack : 4.889
TNS   : 0.000

Type  : Fast 1100mV 85C Model Minimum Pulse Width 'vga_clock_in'
Slack : 9.336
TNS   : 0.000

Type  : Fast 1100mV 0C Model Setup 'u_color|vgaclock|clk|video_pll_0|video_pll|altera_pll_i|general[1].gpll~PLL_OUTPUT_COUNTER|divclk'
Slack : -5.221
TNS   : -1290.997

Type  : Fast 1100mV 0C Model Setup 'clk'
Slack : -1.385
TNS   : -61.533

Type  : Fast 1100mV 0C Model Hold 'u_color|vgaclock|clk|video_pll_0|video_pll|altera_pll_i|general[1].gpll~PLL_OUTPUT_COUNTER|divclk'
Slack : 0.176
TNS   : 0.000

Type  : Fast 1100mV 0C Model Hold 'clk'
Slack : 0.182
TNS   : 0.000

Type  : Fast 1100mV 0C Model Minimum Pulse Width 'clk'
Slack : -0.653
TNS   : -80.967

Type  : Fast 1100mV 0C Model Minimum Pulse Width 'u_color|vgaclock|clk|video_pll_0|video_pll|altera_pll_i|general[0].gpll~FRACTIONAL_PLL|vcoph[0]'
Slack : 1.500
TNS   : 0.000

Type  : Fast 1100mV 0C Model Minimum Pulse Width 'u_color|vgaclock|clk|video_pll_0|video_pll|altera_pll_i|general[1].gpll~PLL_OUTPUT_COUNTER|divclk'
Slack : 4.890
TNS   : 0.000

Type  : Fast 1100mV 0C Model Minimum Pulse Width 'vga_clock_in'
Slack : 9.286
TNS   : 0.000

------------------------------------------------------------
